// Jest Snapshot v1, https://goo.gl/fbAQLP

exports[`WelcomeSection component matches snapshot after loading 1`] = `
<DocumentFragment>
  <section
    class="welcome"
  >
    <h2
      class="title"
    >
      title
    </h2>
    <p
      class="description"
    >
      description
    </p>
    <div
      class="authButtons"
    >
      <a
        href="/signin"
      >
        signIn
      </a>
      <a
        href="/signup"
      >
        signUp
      </a>
    </div>
  </section>
</DocumentFragment>
`;
